2026-07-08T13:01:40.408+09:00  INFO 10896 --- [msa4-meerkatgram] [main] c.m.Msa4MeerkatgramApplication           : Starting Msa4MeerkatgramApplication vv1 using Java 17.0.19 with PID 10896 (E:\djh\workspace\msa4-meerkatgram\build\classes\java\main started by user in E:\djh\workspace\msa4-meerkatgram)
2026-07-08T13:01:40.411+09:00  INFO 10896 --- [msa4-meerkatgram] [main] c.m.Msa4MeerkatgramApplication           : No active profile set, falling back to 1 default profile: "default"
2026-07-08T13:01:40.762+09:00  INFO 10896 --- [msa4-meerkatgram] [main] .s.d.r.c.RepositoryConfigurationDelegate : Bootstrapping Spring Data JPA repositories in DEFAULT mode.
2026-07-08T13:01:40.798+09:00  INFO 10896 --- [msa4-meerkatgram] [main] .s.d.r.c.RepositoryConfigurationDelegate : Finished Spring Data repository scanning in 29 ms. Found 3 JPA repository interfaces.
2026-07-08T13:01:41.128+09:00  INFO 10896 --- [msa4-meerkatgram] [main] o.s.b.w.embedded.tomcat.TomcatWebServer  : Tomcat initialized with port 8080 (http)
2026-07-08T13:01:41.142+09:00  INFO 10896 --- [msa4-meerkatgram] [main] o.apache.catalina.core.StandardService   : Starting service [Tomcat]
2026-07-08T13:01:41.143+09:00  INFO 10896 --- [msa4-meerkatgram] [main] o.apache.catalina.core.StandardEngine    : Starting Servlet engine: [Apache Tomcat/10.1.55]
2026-07-08T13:01:41.172+09:00  INFO 10896 --- [msa4-meerkatgram] [main] o.a.c.c.C.[Tomcat].[localhost].[/]       : Initializing Spring embedded WebApplicationContext
2026-07-08T13:01:41.172+09:00  INFO 10896 --- [msa4-meerkatgram] [main] w.s.c.ServletWebServerApplicationContext : Root WebApplicationContext: initialization completed in 739 ms
2026-07-08T13:01:41.194+09:00  WARN 10896 --- [msa4-meerkatgram] [main] JpaBaseConfiguration$JpaWebConfiguration : spring.jpa.open-in-view is enabled by default. Therefore, database queries may be performed during view rendering. Explicitly configure spring.jpa.open-in-view to disable this warning
2026-07-08T13:01:41.248+09:00  INFO 10896 --- [msa4-meerkatgram] [main] o.hibernate.jpa.internal.util.LogHelper  : HHH000204: Processing PersistenceUnitInfo [name: default]
2026-07-08T13:01:41.298+09:00  INFO 10896 --- [msa4-meerkatgram] [main] org.hibernate.Version                    : HHH000412: Hibernate ORM core version 6.6.53.Final
2026-07-08T13:01:41.322+09:00  INFO 10896 --- [msa4-meerkatgram] [main] o.h.c.internal.RegionFactoryInitiator    : HHH000026: Second-level cache disabled
2026-07-08T13:01:41.521+09:00  INFO 10896 --- [msa4-meerkatgram] [main] o.s.o.j.p.SpringPersistenceUnitInfo      : No LoadTimeWeaver setup: ignoring JPA class transformer
2026-07-08T13:01:41.541+09:00  INFO 10896 --- [msa4-meerkatgram] [main] com.zaxxer.hikari.HikariDataSource       : HikariPool-1 - Starting...
2026-07-08T13:01:41.703+09:00  INFO 10896 --- [msa4-meerkatgram] [main] com.zaxxer.hikari.pool.HikariPool        : HikariPool-1 - Added connection com.mysql.cj.jdbc.ConnectionImpl@3593e074
2026-07-08T13:01:41.704+09:00  INFO 10896 --- [msa4-meerkatgram] [main] com.zaxxer.hikari.HikariDataSource       : HikariPool-1 - Start completed.
2026-07-08T13:01:41.758+09:00  INFO 10896 --- [msa4-meerkatgram] [main] org.hibernate.orm.connections.pooling    : HHH10001005: Database info:
	Database JDBC URL [Connecting through datasource 'HikariDataSource (HikariPool-1)']
	Database driver: undefined/unknown
	Database version: 8.4.9
	Autocommit mode: undefined/unknown
	Isolation level: undefined/unknown
	Minimum pool size: undefined/unknown
	Maximum pool size: undefined/unknown
2026-07-08T13:01:42.296+09:00  INFO 10896 --- [msa4-meerkatgram] [main] o.h.e.t.j.p.i.JtaPlatformInitiator       : HHH000489: No JTA platform available (set 'hibernate.transaction.jta.platform' to enable JTA platform integration)
2026-07-08T13:01:42.298+09:00  INFO 10896 --- [msa4-meerkatgram] [main] j.LocalContainerEntityManagerFactoryBean : Initialized JPA EntityManagerFactory for persistence unit 'default'
2026-07-08T13:01:42.716+09:00  WARN 10896 --- [msa4-meerkatgram] [main] o.s.w.s.resource.ResourceHandlerUtils    : Appended trailing slash to static resource location: file:///E:/storage/files/
2026-07-08T13:01:42.727+09:00  WARN 10896 --- [msa4-meerkatgram] [main] .s.s.UserDetailsServiceAutoConfiguration : 

Using generated security password: b876d66a-ba41-4fc8-9fa0-eb5401c12bbb

This generated password is for development use only. Your security configuration must be updated before running your application in production.

2026-07-08T13:01:42.732+09:00  INFO 10896 --- [msa4-meerkatgram] [main] r$InitializeUserDetailsManagerConfigurer : Global AuthenticationManager configured with UserDetailsService bean with name inMemoryUserDetailsManager
2026-07-08T13:01:42.916+09:00  INFO 10896 --- [msa4-meerkatgram] [main] o.s.b.w.embedded.tomcat.TomcatWebServer  : Tomcat started on port 8080 (http) with context path '/'
2026-07-08T13:01:42.921+09:00  INFO 10896 --- [msa4-meerkatgram] [main] c.m.Msa4MeerkatgramApplication           : Started Msa4MeerkatgramApplication in 2.781 seconds (process running for 3.291)
2026-07-08T13:01:55.794+09:00  INFO 10896 --- [msa4-meerkatgram] [http-nio-8080-exec-1] o.a.c.c.C.[Tomcat].[localhost].[/]       : Initializing Spring DispatcherServlet 'dispatcherServlet'
2026-07-08T13:01:55.794+09:00  INFO 10896 --- [msa4-meerkatgram] [http-nio-8080-exec-1] o.s.web.servlet.DispatcherServlet        : Initializing Servlet 'dispatcherServlet'
2026-07-08T13:01:55.795+09:00  INFO 10896 --- [msa4-meerkatgram] [http-nio-8080-exec-1] o.s.web.servlet.DispatcherServlet        : Completed initialization in 1 ms
2026-07-08T13:12:48.918+09:00  INFO 10896 --- [msa4-meerkatgram] [SpringApplicationShutdownHook] o.s.b.w.e.tomcat.GracefulShutdown        : Commencing graceful shutdown. Waiting for active requests to complete
2026-07-08T13:12:48.934+09:00  INFO 10896 --- [msa4-meerkatgram] [tomcat-shutdown] o.s.b.w.e.tomcat.GracefulShutdown        : Graceful shutdown complete
2026-07-08T13:12:48.937+09:00  INFO 10896 --- [msa4-meerkatgram] [SpringApplicationShutdownHook] j.LocalContainerEntityManagerFactoryBean : Closing JPA EntityManagerFactory for persistence unit 'default'
2026-07-08T13:12:48.938+09:00  INFO 10896 --- [msa4-meerkatgram] [SpringApplicationShutdownHook] com.zaxxer.hikari.HikariDataSource       : HikariPool-1 - Shutdown initiated...
2026-07-08T13:12:48.941+09:00  INFO 10896 --- [msa4-meerkatgram] [SpringApplicationShutdownHook] com.zaxxer.hikari.HikariDataSource       : HikariPool-1 - Shutdown completed.
2026-07-08T13:12:50.962+09:00  INFO 7120 --- [msa4-meerkatgram] [main] c.m.Msa4MeerkatgramApplication           : Starting Msa4MeerkatgramApplication vv1 using Java 17.0.19 with PID 7120 (E:\djh\workspace\msa4-meerkatgram\build\classes\java\main started by user in E:\djh\workspace\msa4-meerkatgram)
2026-07-08T13:12:50.963+09:00  INFO 7120 --- [msa4-meerkatgram] [main] c.m.Msa4MeerkatgramApplication           : No active profile set, falling back to 1 default profile: "default"
2026-07-08T13:12:51.325+09:00  INFO 7120 --- [msa4-meerkatgram] [main] .s.d.r.c.RepositoryConfigurationDelegate : Bootstrapping Spring Data JPA repositories in DEFAULT mode.
2026-07-08T13:12:51.361+09:00  INFO 7120 --- [msa4-meerkatgram] [main] .s.d.r.c.RepositoryConfigurationDelegate : Finished Spring Data repository scanning in 32 ms. Found 3 JPA repository interfaces.
2026-07-08T13:12:51.640+09:00  INFO 7120 --- [msa4-meerkatgram] [main] o.s.b.w.embedded.tomcat.TomcatWebServer  : Tomcat initialized with port 8080 (http)
2026-07-08T13:12:51.647+09:00  INFO 7120 --- [msa4-meerkatgram] [main] o.apache.catalina.core.StandardService   : Starting service [Tomcat]
2026-07-08T13:12:51.647+09:00  INFO 7120 --- [msa4-meerkatgram] [main] o.apache.catalina.core.StandardEngine    : Starting Servlet engine: [Apache Tomcat/10.1.55]
2026-07-08T13:12:51.671+09:00  INFO 7120 --- [msa4-meerkatgram] [main] o.a.c.c.C.[Tomcat].[localhost].[/]       : Initializing Spring embedded WebApplicationContext
2026-07-08T13:12:51.672+09:00  INFO 7120 --- [msa4-meerkatgram] [main] w.s.c.ServletWebServerApplicationContext : Root WebApplicationContext: initialization completed in 687 ms
2026-07-08T13:12:51.694+09:00  WARN 7120 --- [msa4-meerkatgram] [main] JpaBaseConfiguration$JpaWebConfiguration : spring.jpa.open-in-view is enabled by default. Therefore, database queries may be performed during view rendering. Explicitly configure spring.jpa.open-in-view to disable this warning
2026-07-08T13:12:51.735+09:00  INFO 7120 --- [msa4-meerkatgram] [main] o.hibernate.jpa.internal.util.LogHelper  : HHH000204: Processing PersistenceUnitInfo [name: default]
2026-07-08T13:12:51.766+09:00  INFO 7120 --- [msa4-meerkatgram] [main] org.hibernate.Version                    : HHH000412: Hibernate ORM core version 6.6.53.Final
2026-07-08T13:12:51.782+09:00  INFO 7120 --- [msa4-meerkatgram] [main] o.h.c.internal.RegionFactoryInitiator    : HHH000026: Second-level cache disabled
2026-07-08T13:12:51.916+09:00  INFO 7120 --- [msa4-meerkatgram] [main] o.s.o.j.p.SpringPersistenceUnitInfo      : No LoadTimeWeaver setup: ignoring JPA class transformer
2026-07-08T13:12:51.931+09:00  INFO 7120 --- [msa4-meerkatgram] [main] com.zaxxer.hikari.HikariDataSource       : HikariPool-1 - Starting...
2026-07-08T13:12:52.064+09:00  INFO 7120 --- [msa4-meerkatgram] [main] com.zaxxer.hikari.pool.HikariPool        : HikariPool-1 - Added connection com.mysql.cj.jdbc.ConnectionImpl@54d60fa1
2026-07-08T13:12:52.065+09:00  INFO 7120 --- [msa4-meerkatgram] [main] com.zaxxer.hikari.HikariDataSource       : HikariPool-1 - Start completed.
2026-07-08T13:12:52.104+09:00  INFO 7120 --- [msa4-meerkatgram] [main] org.hibernate.orm.connections.pooling    : HHH10001005: Database info:
	Database JDBC URL [Connecting through datasource 'HikariDataSource (HikariPool-1)']
	Database driver: undefined/unknown
	Database version: 8.4.9
	Autocommit mode: undefined/unknown
	Isolation level: undefined/unknown
	Minimum pool size: undefined/unknown
	Maximum pool size: undefined/unknown
2026-07-08T13:12:52.585+09:00  INFO 7120 --- [msa4-meerkatgram] [main] o.h.e.t.j.p.i.JtaPlatformInitiator       : HHH000489: No JTA platform available (set 'hibernate.transaction.jta.platform' to enable JTA platform integration)
2026-07-08T13:12:52.587+09:00  INFO 7120 --- [msa4-meerkatgram] [main] j.LocalContainerEntityManagerFactoryBean : Initialized JPA EntityManagerFactory for persistence unit 'default'
2026-07-08T13:12:52.913+09:00  WARN 7120 --- [msa4-meerkatgram] [main] o.s.w.s.resource.ResourceHandlerUtils    : Appended trailing slash to static resource location: file:///E:/storage/files/
2026-07-08T13:12:52.922+09:00  WARN 7120 --- [msa4-meerkatgram] [main] .s.s.UserDetailsServiceAutoConfiguration : 

Using generated security password: e13f5cd3-e4e3-4049-b337-a4ac067b198c

This generated password is for development use only. Your security configuration must be updated before running your application in production.

2026-07-08T13:12:52.926+09:00  INFO 7120 --- [msa4-meerkatgram] [main] r$InitializeUserDetailsManagerConfigurer : Global AuthenticationManager configured with UserDetailsService bean with name inMemoryUserDetailsManager
2026-07-08T13:12:53.068+09:00  INFO 7120 --- [msa4-meerkatgram] [main] o.s.b.w.embedded.tomcat.TomcatWebServer  : Tomcat started on port 8080 (http) with context path '/'
2026-07-08T13:12:53.072+09:00  INFO 7120 --- [msa4-meerkatgram] [main] c.m.Msa4MeerkatgramApplication           : Started Msa4MeerkatgramApplication in 2.344 seconds (process running for 2.603)
2026-07-08T13:12:54.205+09:00  INFO 7120 --- [msa4-meerkatgram] [http-nio-8080-exec-1] o.a.c.c.C.[Tomcat].[localhost].[/]       : Initializing Spring DispatcherServlet 'dispatcherServlet'
2026-07-08T13:12:54.205+09:00  INFO 7120 --- [msa4-meerkatgram] [http-nio-8080-exec-1] o.s.web.servlet.DispatcherServlet        : Initializing Servlet 'dispatcherServlet'
2026-07-08T13:12:54.206+09:00  INFO 7120 --- [msa4-meerkatgram] [http-nio-8080-exec-1] o.s.web.servlet.DispatcherServlet        : Completed initialization in 1 ms
2026-07-08T14:42:54.366+09:00  INFO 7120 --- [msa4-meerkatgram] [SpringApplicationShutdownHook] o.s.b.w.e.tomcat.GracefulShutdown        : Commencing graceful shutdown. Waiting for active requests to complete
2026-07-08T14:42:54.383+09:00  INFO 7120 --- [msa4-meerkatgram] [tomcat-shutdown] o.s.b.w.e.tomcat.GracefulShutdown        : Graceful shutdown complete
2026-07-08T14:42:54.386+09:00  INFO 7120 --- [msa4-meerkatgram] [SpringApplicationShutdownHook] j.LocalContainerEntityManagerFactoryBean : Closing JPA EntityManagerFactory for persistence unit 'default'
2026-07-08T14:42:54.387+09:00  INFO 7120 --- [msa4-meerkatgram] [SpringApplicationShutdownHook] com.zaxxer.hikari.HikariDataSource       : HikariPool-1 - Shutdown initiated...
2026-07-08T14:42:54.389+09:00  INFO 7120 --- [msa4-meerkatgram] [SpringApplicationShutdownHook] com.zaxxer.hikari.HikariDataSource       : HikariPool-1 - Shutdown completed.
